{
    "publisher": "American Association for the Advancement of Science (AAAS)",
    "issue": "5878",
    "doi": "10.1126/science.1152662",
    "type": "journal-article",
    "pages": "903-909",
    "title": "Design Logic of a Cannabinoid Receptor Signaling Network That Triggers Neurite Outgrowth",
    "volume": "320",
    "reference": "bromberg2008de",
    "author": [
        "K. D. Bromberg",
        "A. Ma'ayan",
        "S. R. Neves",
        "R. Iyengar"
    ],
    "journal": "Science",
    "year": 2008,
    "issn": [
        "0036-8075",
        "1095-9203"
    ],
    "subject": [
        "General"
    ],
    "retrieved-from": "https://dx.doi.org/"
}