{
    "subject": [
        "Travel"
    ],
    "viaf": [
        "90.12613"
    ],
    "author": [
        "Lacy Collison-Morley"
    ],
    "url": "http://www.worldcat.org/oclc/2776723",
    "type": [
        "schema:Book",
        "schema:CreativeWork"
    ],
    "edition": "2d ed., rev.",
    "pubdate": "1949",
    "title": "Companion into Surrey",
    "retrieved-from": "http://www.worldcat.org/"
}