{
    "subject": [
        "Football",
        "High schools",
        "Schools",
        "Schools.",
        "Football stories.",
        "High schools."
    ],
    "viaf": [
        "13596637"
    ],
    "author": [
        "Dygard, Thomas J."
    ],
    "isbn": [
        "97800.1369700",
        "00.1369708"
    ],
    "url": "http://www.worldcat.org/oclc/31754096",
    "type": [
        "schema:Book"
    ],
    "pubdate": "1995",
    "abstract": [
        "When the hospitalization of Barton High's head football coach forces skinny student manager Beano Hatton to step in, he must deal with a rebellious quarterback and his own lack of confidence."
    ],
    "genre": [
        "Fiction"
    ],
    "title": "Game plan",
    "retrieved-from": "http://www.worldcat.org/"
}