{
    "viaf": "138978451",
    "type": "Corporate",
    "n6i": "vtls001221796",
    "ndl": "01021762",
    "isni": "0000000106653625",
    "nla": "000035965701",
    "lc": "n50060254",
    "dnb": "000752819",
    "bav": "ADV12624078",
    "name": "International Mark Twain society",
    "retrieved-from": "http://viaf.org/"
}